// Jest Snapshot v1, https://goo.gl/fbAQLP

exports[`SEOComponent renders correctly 1`] = `null`;
